// Jest Snapshot v1, https://goo.gl/fbAQLP

exports[`Button test cases Button renders 1`] = `
<DocumentFragment>
  <button
    class="css-1buu1e4"
    color="primary"
  >
    Test button
  </button>
</DocumentFragment>
`;
